0 verbose cli /data/data/com.termux/files/usr/bin/node /data/data/com.termux/files/usr/bin/npm
1 info using npm@11.17.0
2 info using node@v26.3.1
3 silly config load:file:/data/data/com.termux/files/usr/lib/node_modules/npm/npmrc
4 silly config load:file:/data/data/com.termux/files/home/osjminimall-api/.npmrc
5 silly config load:file:/data/data/com.termux/files/home/.npmrc
6 silly config load:file:/data/data/com.termux/files/usr/etc/npmrc
7 verbose title npm install express sequelize sqlite3 bcryptjs jsonwebtoken dotenv
8 verbose argv "install" "express" "sequelize" "sqlite3" "bcryptjs" "jsonwebtoken" "dotenv"
9 verbose logfile logs-max:10 dir:/data/data/com.termux/files/home/.npm/_logs/2026-08-18T13_06_34_217Z-
10 verbose logfile /data/data/com.termux/files/home/.npm/_logs/2026-08-18T13_06_34_217Z-debug-0.log
11 silly logfile start cleaning logs, removing 1 files
12 silly packumentCache heap:1174405120 maxSize:293601280 maxEntrySize:146800640
13 silly logfile done cleaning log files
14 silly idealTree buildDeps
15 silly fetch manifest express@*
16 silly packumentCache full:https://registry.npmjs.org/express cache-miss
17 http fetch GET 200 https://registry.npmjs.org/express 1072ms (cache revalidated)
18 silly packumentCache full:https://registry.npmjs.org/express set size:804975 disposed:false
19 silly fetch manifest sequelize@*
20 silly packumentCache full:https://registry.npmjs.org/sequelize cache-miss
21 http fetch GET 200 https://registry.npmjs.org/sequelize 871ms (cache miss)
22 silly packumentCache full:https://registry.npmjs.org/sequelize set size:undefined disposed:false
23 silly fetch manifest sqlite3@*
24 silly packumentCache full:https://registry.npmjs.org/sqlite3 cache-miss
25 http fetch GET 200 https://registry.npmjs.org/sqlite3 264ms (cache miss)
26 silly packumentCache full:https://registry.npmjs.org/sqlite3 set size:undefined disposed:false
27 silly fetch manifest bcryptjs@*
28 silly packumentCache full:https://registry.npmjs.org/bcryptjs cache-miss
29 http fetch GET 200 https://registry.npmjs.org/bcryptjs 406ms (cache miss)
30 silly packumentCache full:https://registry.npmjs.org/bcryptjs set size:undefined disposed:false
31 silly fetch manifest jsonwebtoken@*
32 silly packumentCache full:https://registry.npmjs.org/jsonwebtoken cache-miss
33 http fetch GET 200 https://registry.npmjs.org/jsonwebtoken 194ms (cache miss)
34 silly packumentCache full:https://registry.npmjs.org/jsonwebtoken set size:undefined disposed:false
35 silly fetch manifest dotenv@*
36 silly packumentCache full:https://registry.npmjs.org/dotenv cache-miss
37 http fetch GET 200 https://registry.npmjs.org/dotenv 261ms (cache revalidated)
38 silly packumentCache full:https://registry.npmjs.org/dotenv set size:277821 disposed:false
39 silly placeDep ROOT bcryptjs@3.0.3 OK for: osjminimall-api@1.0.0 want: *
40 silly placeDep ROOT dotenv@17.4.2 OK for: osjminimall-api@1.0.0 want: *
41 silly placeDep ROOT express@5.2.1 OK for: osjminimall-api@1.0.0 want: *
42 silly placeDep ROOT jsonwebtoken@9.0.3 OK for: osjminimall-api@1.0.0 want: *
43 silly placeDep ROOT sequelize@6.37.8 OK for: osjminimall-api@1.0.0 want: *
44 silly placeDep ROOT sqlite3@6.0.1 OK for: osjminimall-api@1.0.0 want: *
45 silly fetch manifest qs@^6.14.0
46 silly packumentCache full:https://registry.npmjs.org/qs cache-miss
47 silly fetch manifest depd@^2.0.0
48 silly packumentCache full:https://registry.npmjs.org/depd cache-miss
49 silly fetch manifest etag@^1.8.1
50 silly packumentCache full:https://registry.npmjs.org/etag cache-miss
51 silly fetch manifest once@^1.4.0
52 silly packumentCache full:https://registry.npmjs.org/once cache-miss
53 silly fetch manifest send@^1.1.0
54 silly packumentCache full:https://registry.npmjs.org/send cache-miss
55 silly fetch manifest vary@^1.1.2
56 silly packumentCache full:https://registry.npmjs.org/vary cache-miss
57 silly fetch manifest debug@^4.4.0
58 silly packumentCache full:https://registry.npmjs.org/debug cache-miss
59 http fetch GET 200 https://registry.npmjs.org/once 263ms (cache revalidated)
60 silly packumentCache full:https://registry.npmjs.org/once set size:11752 disposed:false
61 silly fetch manifest fresh@^2.0.0
62 silly packumentCache full:https://registry.npmjs.org/fresh cache-miss
63 http fetch GET 200 https://registry.npmjs.org/fresh 293ms (cache revalidated)
64 silly packumentCache full:https://registry.npmjs.org/fresh set size:25427 disposed:false
65 silly fetch manifest cookie@^0.7.1
66 silly packumentCache full:https://registry.npmjs.org/cookie cache-miss
67 http fetch GET 200 https://registry.npmjs.org/qs 743ms (cache revalidated)
68 silly packumentCache full:https://registry.npmjs.org/qs set size:360318 disposed:false
69 silly fetch manifest router@^2.2.0
70 silly packumentCache full:https://registry.npmjs.org/router cache-miss
71 http fetch GET 200 https://registry.npmjs.org/vary 769ms (cache revalidated)
72 silly packumentCache full:https://registry.npmjs.org/vary set size:15994 disposed:false
73 silly fetch manifest accepts@^2.0.0
74 silly packumentCache full:https://registry.npmjs.org/accepts cache-miss
75 http fetch GET 200 https://registry.npmjs.org/depd 823ms (cache revalidated)
76 silly packumentCache full:https://registry.npmjs.org/depd set size:40182 disposed:false
77 silly fetch manifest type-is@^2.0.1
78 silly packumentCache full:https://registry.npmjs.org/type-is cache-miss
79 http fetch GET 200 https://registry.npmjs.org/etag 829ms (cache revalidated)
80 silly packumentCache full:https://registry.npmjs.org/etag set size:30032 disposed:false
81 silly fetch manifest parseurl@^1.3.3
82 silly packumentCache full:https://registry.npmjs.org/parseurl cache-miss
83 http fetch GET 200 https://registry.npmjs.org/cookie 253ms (cache revalidated)
84 silly packumentCache full:https://registry.npmjs.org/cookie set size:78274 disposed:false
85 silly fetch manifest statuses@^2.0.1
86 silly packumentCache full:https://registry.npmjs.org/statuses cache-miss
87 http fetch GET 200 https://registry.npmjs.org/send 878ms (cache revalidated)
88 silly packumentCache full:https://registry.npmjs.org/send set size:152810 disposed:false
89 silly fetch manifest encodeurl@^2.0.0
90 silly packumentCache full:https://registry.npmjs.org/encodeurl cache-miss
91 http fetch GET 200 https://registry.npmjs.org/debug 908ms (cache revalidated)
92 silly packumentCache full:https://registry.npmjs.org/debug set size:195840 disposed:false
93 silly fetch manifest mime-types@^3.0.0
94 silly packumentCache full:https://registry.npmjs.org/mime-types cache-miss
95 http fetch GET 200 https://registry.npmjs.org/accepts 247ms (cache revalidated)
96 silly packumentCache full:https://registry.npmjs.org/accepts set size:77054 disposed:false
97 silly fetch manifest proxy-addr@^2.0.7
98 silly packumentCache full:https://registry.npmjs.org/proxy-addr cache-miss
99 http fetch GET 200 https://registry.npmjs.org/router 279ms (cache revalidated)
100 silly packumentCache full:https://registry.npmjs.org/router set size:116499 disposed:false
101 silly fetch manifest body-parser@^2.2.1
102 silly packumentCache full:https://registry.npmjs.org/body-parser cache-miss
103 http fetch GET 200 https://registry.npmjs.org/parseurl 262ms (cache revalidated)
104 silly packumentCache full:https://registry.npmjs.org/parseurl set size:24148 disposed:false
105 silly fetch manifest escape-html@^1.0.3
106 silly packumentCache full:https://registry.npmjs.org/escape-html cache-miss
107 http fetch GET 200 https://registry.npmjs.org/type-is 285ms (cache revalidated)
108 silly packumentCache full:https://registry.npmjs.org/type-is set size:88614 disposed:false
109 silly fetch manifest http-errors@^2.0.0
110 silly packumentCache full:https://registry.npmjs.org/http-errors cache-miss
111 http fetch GET 200 https://registry.npmjs.org/statuses 289ms (cache revalidated)
112 silly packumentCache full:https://registry.npmjs.org/statuses set size:37117 disposed:false
113 silly fetch manifest on-finished@^2.4.1
114 silly packumentCache full:https://registry.npmjs.org/on-finished cache-miss
115 http fetch GET 200 https://registry.npmjs.org/encodeurl 260ms (cache revalidated)
116 silly packumentCache full:https://registry.npmjs.org/encodeurl set size:12296 disposed:false
117 silly fetch manifest content-type@^1.0.5
118 silly packumentCache full:https://registry.npmjs.org/content-type cache-miss
119 http fetch GET 200 https://registry.npmjs.org/mime-types 240ms (cache revalidated)
120 silly packumentCache full:https://registry.npmjs.org/mime-types set size:139110 disposed:false
121 silly fetch manifest finalhandler@^2.1.0
122 silly packumentCache full:https://registry.npmjs.org/finalhandler cache-miss
123 http fetch GET 200 https://registry.npmjs.org/proxy-addr 265ms (cache revalidated)
124 silly packumentCache full:https://registry.npmjs.org/proxy-addr set size:61619 disposed:false
125 silly fetch manifest range-parser@^1.2.1
126 silly packumentCache full:https://registry.npmjs.org/range-parser cache-miss
127 http fetch GET 200 https://registry.npmjs.org/body-parser 276ms (cache revalidated)
128 silly packumentCache full:https://registry.npmjs.org/body-parser set size:204559 disposed:false
129 silly fetch manifest serve-static@^2.2.0
130 silly packumentCache full:https://registry.npmjs.org/serve-static cache-miss
131 http fetch GET 200 https://registry.npmjs.org/escape-html 294ms (cache revalidated)
132 silly packumentCache full:https://registry.npmjs.org/escape-html set size:7345 disposed:false
133 silly fetch manifest cookie-signature@^1.2.1
134 silly packumentCache full:https://registry.npmjs.org/cookie-signature cache-miss
135 http fetch GET 200 https://registry.npmjs.org/on-finished 261ms (cache revalidated)
136 silly packumentCache full:https://registry.npmjs.org/on-finished set size:23212 disposed:false
137 silly fetch manifest merge-descriptors@^2.0.0
138 silly packumentCache full:https://registry.npmjs.org/merge-descriptors cache-miss
139 http fetch GET 200 https://registry.npmjs.org/http-errors 295ms (cache revalidated)
140 silly packumentCache full:https://registry.npmjs.org/http-errors set size:71987 disposed:false
141 silly fetch manifest content-disposition@^1.0.0
142 silly packumentCache full:https://registry.npmjs.org/content-disposition cache-miss
143 http fetch GET 200 https://registry.npmjs.org/content-type 284ms (cache revalidated)
144 silly packumentCache full:https://registry.npmjs.org/content-type set size:21479 disposed:false
145 silly fetch manifest ms@^2.1.1
146 silly packumentCache full:https://registry.npmjs.org/ms cache-miss
147 http fetch GET 200 https://registry.npmjs.org/finalhandler 263ms (cache revalidated)
148 silly packumentCache full:https://registry.npmjs.org/finalhandler set size:79291 disposed:false
149 silly fetch manifest jws@^4.0.1
150 silly packumentCache full:https://registry.npmjs.org/jws cache-miss
151 http fetch GET 200 https://registry.npmjs.org/range-parser 294ms (cache revalidated)
152 silly packumentCache full:https://registry.npmjs.org/range-parser set size:24852 disposed:false
153 silly fetch manifest semver@^7.5.4
154 silly packumentCache full:https://registry.npmjs.org/semver cache-miss
155 http fetch GET 200 https://registry.npmjs.org/serve-static 258ms (cache revalidated)
156 silly packumentCache full:https://registry.npmjs.org/serve-static set size:150391 disposed:false
157 silly fetch manifest lodash.once@^4.0.0
158 silly packumentCache full:https://registry.npmjs.org/lodash.once cache-miss
159 http fetch GET 200 https://registry.npmjs.org/merge-descriptors 243ms (cache revalidated)
160 silly packumentCache full:https://registry.npmjs.org/merge-descriptors set size:16527 disposed:false
161 silly fetch manifest lodash.includes@^4.3.0
162 silly packumentCache full:https://registry.npmjs.org/lodash.includes cache-miss
163 http fetch GET 200 https://registry.npmjs.org/cookie-signature 256ms (cache revalidated)
164 silly packumentCache full:https://registry.npmjs.org/cookie-signature set size:21777 disposed:false
165 silly fetch manifest lodash.isnumber@^3.0.3
166 silly packumentCache full:https://registry.npmjs.org/lodash.isnumber cache-miss
167 http fetch GET 200 https://registry.npmjs.org/content-disposition 247ms (cache revalidated)
168 silly packumentCache full:https://registry.npmjs.org/content-disposition set size:45446 disposed:false
169 silly fetch manifest lodash.isstring@^4.0.1
170 silly packumentCache full:https://registry.npmjs.org/lodash.isstring cache-miss
171 http fetch GET 200 https://registry.npmjs.org/ms 226ms (cache revalidated)
172 silly packumentCache full:https://registry.npmjs.org/ms set size:92208 disposed:false
173 silly fetch manifest lodash.isboolean@^3.0.3
174 silly packumentCache full:https://registry.npmjs.org/lodash.isboolean cache-miss
175 http fetch GET 200 https://registry.npmjs.org/jws 392ms (cache miss)
176 silly packumentCache full:https://registry.npmjs.org/jws set size:undefined disposed:false
177 silly fetch manifest lodash.isinteger@^4.0.4
178 silly packumentCache full:https://registry.npmjs.org/lodash.isinteger cache-miss
179 http fetch GET 200 https://registry.npmjs.org/lodash.once 251ms (cache miss)
180 silly packumentCache full:https://registry.npmjs.org/lodash.once set size:undefined disposed:false
181 silly fetch manifest lodash.isplainobject@^4.0.6
182 silly packumentCache full:https://registry.npmjs.org/lodash.isplainobject cache-miss
183 http fetch GET 200 https://registry.npmjs.org/lodash.isnumber 236ms (cache miss)
184 silly packumentCache full:https://registry.npmjs.org/lodash.isnumber set size:undefined disposed:false
185 silly fetch manifest wkx@^0.5.0
186 silly packumentCache full:https://registry.npmjs.org/wkx cache-miss
187 http fetch GET 200 https://registry.npmjs.org/lodash.includes 253ms (cache miss)
188 silly packumentCache full:https://registry.npmjs.org/lodash.includes set size:undefined disposed:false
189 silly fetch manifest uuid@^8.3.2
190 silly packumentCache full:https://registry.npmjs.org/uuid cache-miss
191 http fetch GET 200 https://registry.npmjs.org/lodash.isstring 250ms (cache miss)
192 silly packumentCache full:https://registry.npmjs.org/lodash.isstring set size:undefined disposed:false
193 silly fetch manifest debug@^4.3.4
194 silly packumentCache full:https://registry.npmjs.org/debug cache-hit
195 silly fetch manifest dottie@^2.0.6
196 silly packumentCache full:https://registry.npmjs.org/dottie cache-miss
197 http fetch GET 200 https://registry.npmjs.org/semver 347ms (cache revalidated)
198 silly packumentCache full:https://registry.npmjs.org/semver set size:246069 disposed:false
199 silly fetch manifest lodash@^4.17.21
200 silly packumentCache full:https://registry.npmjs.org/lodash cache-miss
201 http fetch GET 200 https://registry.npmjs.org/lodash.isboolean 348ms (cache miss)
202 silly packumentCache full:https://registry.npmjs.org/lodash.isboolean set size:undefined disposed:false
203 silly fetch manifest moment@^2.29.4
204 silly packumentCache full:https://registry.npmjs.org/moment cache-miss
205 http fetch GET 200 https://registry.npmjs.org/uuid 193ms (cache miss)
206 silly packumentCache full:https://registry.npmjs.org/uuid set size:undefined disposed:false
207 silly fetch manifest validator@^13.9.0
208 silly packumentCache full:https://registry.npmjs.org/validator cache-miss
209 http fetch GET 200 https://registry.npmjs.org/lodash.isinteger 412ms (cache miss)
210 silly packumentCache full:https://registry.npmjs.org/lodash.isinteger set size:undefined disposed:false
211 silly fetch manifest inflection@^1.13.4
212 silly packumentCache full:https://registry.npmjs.org/inflection cache-miss
213 http fetch GET 200 https://registry.npmjs.org/lodash.isplainobject 384ms (cache miss)
214 silly packumentCache full:https://registry.npmjs.org/lodash.isplainobject set size:undefined disposed:false
215 silly fetch manifest @types/debug@^4.1.8
216 silly packumentCache full:https://registry.npmjs.org/@types%2fdebug cache-miss
217 http fetch GET 200 https://registry.npmjs.org/wkx 382ms (cache miss)
218 silly packumentCache full:https://registry.npmjs.org/wkx set size:undefined disposed:false
219 silly fetch manifest sequelize-pool@^7.1.0
220 silly packumentCache full:https://registry.npmjs.org/sequelize-pool cache-miss
221 http fetch GET 200 https://registry.npmjs.org/moment 280ms (cache miss)
222 silly packumentCache full:https://registry.npmjs.org/moment set size:undefined disposed:false
223 silly fetch manifest toposort-class@^1.0.1
224 silly packumentCache full:https://registry.npmjs.org/toposort-class cache-miss
225 http fetch GET 200 https://registry.npmjs.org/lodash 357ms (cache miss)
226 silly packumentCache full:https://registry.npmjs.org/lodash set size:undefined disposed:false
227 silly fetch manifest moment-timezone@^0.5.43
228 silly packumentCache full:https://registry.npmjs.org/moment-timezone cache-miss
229 http fetch GET 200 https://registry.npmjs.org/dottie 444ms (cache miss)
230 silly packumentCache full:https://registry.npmjs.org/dottie set size:undefined disposed:false
231 silly fetch manifest @types/validator@^13.7.17
232 silly packumentCache full:https://registry.npmjs.org/@types%2fvalidator cache-miss
233 http fetch GET 200 https://registry.npmjs.org/validator 280ms (cache miss)
234 silly packumentCache full:https://registry.npmjs.org/validator set size:undefined disposed:false
235 silly fetch manifest retry-as-promised@^7.0.4
236 silly packumentCache full:https://registry.npmjs.org/retry-as-promised cache-miss
237 http fetch GET 200 https://registry.npmjs.org/moment-timezone 228ms (cache miss)
238 silly packumentCache full:https://registry.npmjs.org/moment-timezone set size:undefined disposed:false
239 silly fetch manifest pg-connection-string@^2.6.1
240 silly packumentCache full:https://registry.npmjs.org/pg-connection-string cache-miss
241 http fetch GET 200 https://registry.npmjs.org/@types%2fvalidator 232ms (cache miss)
242 silly packumentCache full:https://registry.npmjs.org/@types%2fvalidator set size:undefined disposed:false
243 silly fetch manifest bindings@^1.5.0
244 silly packumentCache full:https://registry.npmjs.org/bindings cache-miss
245 http fetch GET 200 https://registry.npmjs.org/@types%2fdebug 409ms (cache miss)
246 silly packumentCache full:https://registry.npmjs.org/@types%2fdebug set size:undefined disposed:false
247 silly fetch manifest node-addon-api@^8.0.0
248 silly packumentCache full:https://registry.npmjs.org/node-addon-api cache-miss
249 http fetch GET 200 https://registry.npmjs.org/inflection 426ms (cache miss)
250 silly packumentCache full:https://registry.npmjs.org/inflection set size:undefined disposed:false
251 silly fetch manifest prebuild-install@^7.1.3
252 silly packumentCache full:https://registry.npmjs.org/prebuild-install cache-miss
253 http fetch GET 200 https://registry.npmjs.org/sequelize-pool 428ms (cache miss)
254 silly packumentCache full:https://registry.npmjs.org/sequelize-pool set size:undefined disposed:false
255 silly fetch manifest tar@^7.5.10
256 silly packumentCache full:https://registry.npmjs.org/tar cache-miss
257 http fetch GET 200 https://registry.npmjs.org/toposort-class 422ms (cache miss)
258 silly packumentCache full:https://registry.npmjs.org/toposort-class set size:undefined disposed:false
259 silly fetch manifest node-gyp@12.x
260 silly packumentCache full:https://registry.npmjs.org/node-gyp cache-miss
