0 verbose cli /data/data/com.termux/files/usr/bin/node /data/data/com.termux/files/usr/bin/npm
1 info using npm@11.17.0
2 info using node@v26.3.1
3 silly config load:file:/data/data/com.termux/files/usr/lib/node_modules/npm/npmrc
4 silly config load:file:/data/data/com.termux/files/home/oversabijojo-api/.npmrc
5 silly config load:file:/data/data/com.termux/files/home/.npmrc
6 silly config load:file:/data/data/com.termux/files/usr/etc/npmrc
7 verbose title npm install express sequelize sqlite3 bcryptjs jsonwebtoken dotenvoversabijojo-api/
8 verbose argv "install" "express" "sequelize" "sqlite3" "bcryptjs" "jsonwebtoken" "dotenvoversabijojo-api/"
9 verbose logfile logs-max:10 dir:/data/data/com.termux/files/home/.npm/_logs/2026-08-18T13_09_04_645Z-
10 verbose logfile /data/data/com.termux/files/home/.npm/_logs/2026-08-18T13_09_04_645Z-debug-0.log
11 silly logfile start cleaning logs, removing 1 files
12 silly packumentCache heap:1174405120 maxSize:293601280 maxEntrySize:146800640
13 silly logfile done cleaning log files
14 verbose stack Error: Could not read package.json: Error: ENOENT: no such file or directory, open '/data/data/com.termux/files/home/oversabijojo-api/dotenvoversabijojo-api/package.json'
14 verbose stack     at async open (node:internal/fs/promises:1287:25)
14 verbose stack     at async readFile (node:internal/fs/promises:1938:14)
14 verbose stack     at async read (/data/data/com.termux/files/usr/lib/node_modules/npm/node_modules/@npmcli/package-json/lib/read-package.js:9:18)
14 verbose stack     at async PackageJson.load (/data/data/com.termux/files/usr/lib/node_modules/npm/node_modules/@npmcli/package-json/lib/index.js:131:31)
14 verbose stack     at async PackageJson.normalize (/data/data/com.termux/files/usr/lib/node_modules/npm/node_modules/@npmcli/package-json/lib/index.js:117:5)
14 verbose stack     at async /data/data/com.termux/files/usr/lib/node_modules/npm/node_modules/@npmcli/arborist/lib/arborist/build-ideal-tree.js:537:22
14 verbose stack     at async Promise.all (index 5)
14 verbose stack     at async #add (/data/data/com.termux/files/usr/lib/node_modules/npm/node_modules/@npmcli/arborist/lib/arborist/build-ideal-tree.js:526:5)
14 verbose stack     at async #applyUserRequestsToNode (/data/data/com.termux/files/usr/lib/node_modules/npm/node_modules/@npmcli/arborist/lib/arborist/build-ideal-tree.js:497:7)
14 verbose stack     at async #applyUserRequests (/data/data/com.termux/files/usr/lib/node_modules/npm/node_modules/@npmcli/arborist/lib/arborist/build-ideal-tree.js:428:7)
15 error code ENOENT
16 error syscall open
17 error path /data/data/com.termux/files/home/oversabijojo-api/dotenvoversabijojo-api/package.json
18 error errno -2
19 error enoent Could not read package.json: Error: ENOENT: no such file or directory, open '/data/data/com.termux/files/home/oversabijojo-api/dotenvoversabijojo-api/package.json'
20 error enoent This is related to npm not being able to find a file.
20 error enoent
21 silly unfinished npm timer reify 1787058545785
22 silly unfinished npm timer reify:loadTrees 1787058545791
23 silly unfinished npm timer idealTree:userRequests 1787058545850
24 verbose cwd /data/data/com.termux/files/home/oversabijojo-api
25 verbose os Linux 5.15.189-android13-8-00013-gaa2747a3794a-ab14413887
26 verbose node v26.3.1
27 verbose npm  v11.17.0
28 verbose exit -2
29 verbose code -2
30 error A complete log of this run can be found in: /data/data/com.termux/files/home/.npm/_logs/2026-08-18T13_09_04_645Z-debug-0.log
