0 verbose cli /data/data/com.termux/files/usr/bin/node /data/data/com.termux/files/usr/bin/npm
1 info using npm@11.17.0
2 info using node@v26.3.1
3 silly config load:file:/data/data/com.termux/files/usr/lib/node_modules/npm/npmrc
4 silly config load:file:/data/data/com.termux/files/home/osj-backend/.npmrc
5 silly config load:file:/data/data/com.termux/files/home/.npmrc
6 silly config load:file:/data/data/com.termux/files/usr/etc/npmrc
7 verbose title npm install express cors dotenv axios
8 verbose argv "install" "express" "cors" "dotenv" "axios"
9 verbose logfile logs-max:10 dir:/data/data/com.termux/files/home/.npm/_logs/2026-08-18T08_24_07_846Z-
10 verbose logfile /data/data/com.termux/files/home/.npm/_logs/2026-08-18T08_24_07_846Z-debug-0.log
11 silly logfile start cleaning logs, removing 1 files
12 silly packumentCache heap:1174405120 maxSize:293601280 maxEntrySize:146800640
13 silly logfile done cleaning log files
14 silly idealTree buildDeps
15 silly fetch manifest express@*
16 silly packumentCache full:https://registry.npmjs.org/express cache-miss
17 http fetch GET 200 https://registry.npmjs.org/express 2716ms (cache revalidated)
18 silly packumentCache full:https://registry.npmjs.org/express set size:804975 disposed:false
19 silly fetch manifest cors@*
20 silly packumentCache full:https://registry.npmjs.org/cors cache-miss
21 http fetch GET 200 https://registry.npmjs.org/cors 221ms (cache revalidated)
22 silly packumentCache full:https://registry.npmjs.org/cors set size:77956 disposed:false
23 silly fetch manifest dotenv@*
24 silly packumentCache full:https://registry.npmjs.org/dotenv cache-miss
25 http fetch GET 200 https://registry.npmjs.org/dotenv 273ms (cache miss)
26 silly packumentCache full:https://registry.npmjs.org/dotenv set size:undefined disposed:false
27 silly fetch manifest axios@*
28 silly packumentCache full:https://registry.npmjs.org/axios cache-miss
29 http fetch GET 200 https://registry.npmjs.org/axios 277ms (cache miss)
30 silly packumentCache full:https://registry.npmjs.org/axios set size:undefined disposed:false
31 silly placeDep ROOT axios@1.19.0 OK for: osj-backend@1.0.0 want: *
32 silly placeDep ROOT cors@2.8.6 OK for: osj-backend@1.0.0 want: *
33 silly placeDep ROOT dotenv@17.4.2 OK for: osj-backend@1.0.0 want: *
34 silly placeDep ROOT express@5.2.1 OK for: osj-backend@1.0.0 want: *
35 silly fetch manifest form-data@^4.0.6
36 silly packumentCache full:https://registry.npmjs.org/form-data cache-miss
37 silly fetch manifest proxy-from-env@^2.1.0
38 silly packumentCache full:https://registry.npmjs.org/proxy-from-env cache-miss
39 silly fetch manifest follow-redirects@^1.16.0
40 silly packumentCache full:https://registry.npmjs.org/follow-redirects cache-miss
41 silly fetch manifest https-proxy-agent@^5.0.1
42 silly packumentCache full:https://registry.npmjs.org/https-proxy-agent cache-miss
43 silly fetch manifest object-assign@^4
44 silly packumentCache full:https://registry.npmjs.org/object-assign cache-miss
45 silly fetch manifest vary@^1
46 silly packumentCache full:https://registry.npmjs.org/vary cache-miss
47 silly fetch manifest qs@^6.14.0
48 silly packumentCache full:https://registry.npmjs.org/qs cache-miss
49 http fetch GET 200 https://registry.npmjs.org/follow-redirects 289ms (cache miss)
50 silly packumentCache full:https://registry.npmjs.org/follow-redirects set size:undefined disposed:false
51 silly fetch manifest depd@^2.0.0
52 silly packumentCache full:https://registry.npmjs.org/depd cache-miss
53 http fetch GET 200 https://registry.npmjs.org/depd 215ms (cache revalidated)
54 silly packumentCache full:https://registry.npmjs.org/depd set size:40182 disposed:false
55 silly fetch manifest etag@^1.8.1
56 silly packumentCache full:https://registry.npmjs.org/etag cache-miss
57 http fetch GET 200 https://registry.npmjs.org/etag 239ms (cache revalidated)
58 silly packumentCache full:https://registry.npmjs.org/etag set size:30032 disposed:false
59 silly fetch manifest once@^1.4.0
60 silly packumentCache full:https://registry.npmjs.org/once cache-miss
61 http fetch GET 200 https://registry.npmjs.org/object-assign 788ms (cache revalidated)
62 silly packumentCache full:https://registry.npmjs.org/object-assign set size:28988 disposed:false
63 silly fetch manifest send@^1.1.0
64 silly packumentCache full:https://registry.npmjs.org/send cache-miss
65 http fetch GET 200 https://registry.npmjs.org/vary 795ms (cache revalidated)
66 silly packumentCache full:https://registry.npmjs.org/vary set size:15994 disposed:false
67 silly fetch manifest vary@^1.1.2
68 silly packumentCache full:https://registry.npmjs.org/vary cache-hit
69 silly fetch manifest debug@^4.4.0
70 silly packumentCache full:https://registry.npmjs.org/debug cache-miss
71 http fetch GET 200 https://registry.npmjs.org/qs 813ms (cache revalidated)
72 silly packumentCache full:https://registry.npmjs.org/qs set size:360318 disposed:false
73 silly fetch manifest fresh@^2.0.0
74 silly packumentCache full:https://registry.npmjs.org/fresh cache-miss
75 http fetch GET 200 https://registry.npmjs.org/https-proxy-agent 850ms (cache miss)
76 silly packumentCache full:https://registry.npmjs.org/https-proxy-agent set size:undefined disposed:false
77 silly fetch manifest cookie@^0.7.1
78 silly packumentCache full:https://registry.npmjs.org/cookie cache-miss
79 http fetch GET 200 https://registry.npmjs.org/form-data 871ms (cache miss)
80 silly packumentCache full:https://registry.npmjs.org/form-data set size:undefined disposed:false
81 silly fetch manifest router@^2.2.0
82 silly packumentCache full:https://registry.npmjs.org/router cache-miss
83 http fetch GET 200 https://registry.npmjs.org/once 315ms (cache revalidated)
84 silly packumentCache full:https://registry.npmjs.org/once set size:11752 disposed:false
85 silly fetch manifest accepts@^2.0.0
86 silly packumentCache full:https://registry.npmjs.org/accepts cache-miss
87 http fetch GET 200 https://registry.npmjs.org/debug 286ms (cache revalidated)
88 silly packumentCache full:https://registry.npmjs.org/debug set size:195840 disposed:false
89 silly fetch manifest type-is@^2.0.1
90 silly packumentCache full:https://registry.npmjs.org/type-is cache-miss
91 http fetch GET 200 https://registry.npmjs.org/fresh 272ms (cache revalidated)
92 silly packumentCache full:https://registry.npmjs.org/fresh set size:25427 disposed:false
93 silly fetch manifest parseurl@^1.3.3
94 silly packumentCache full:https://registry.npmjs.org/parseurl cache-miss
95 http fetch GET 200 https://registry.npmjs.org/send 336ms (cache revalidated)
96 silly packumentCache full:https://registry.npmjs.org/send set size:152810 disposed:false
97 silly fetch manifest statuses@^2.0.1
98 silly packumentCache full:https://registry.npmjs.org/statuses cache-miss
99 http fetch GET 200 https://registry.npmjs.org/router 288ms (cache revalidated)
100 silly packumentCache full:https://registry.npmjs.org/router set size:116499 disposed:false
101 silly fetch manifest encodeurl@^2.0.0
102 silly packumentCache full:https://registry.npmjs.org/encodeurl cache-miss
103 http fetch GET 200 https://registry.npmjs.org/cookie 343ms (cache revalidated)
104 silly packumentCache full:https://registry.npmjs.org/cookie set size:78274 disposed:false
105 silly fetch manifest mime-types@^3.0.0
106 silly packumentCache full:https://registry.npmjs.org/mime-types cache-miss
107 http fetch GET 200 https://registry.npmjs.org/parseurl 262ms (cache revalidated)
108 silly packumentCache full:https://registry.npmjs.org/parseurl set size:24148 disposed:false
109 silly fetch manifest proxy-addr@^2.0.7
110 silly packumentCache full:https://registry.npmjs.org/proxy-addr cache-miss
111 http fetch GET 200 https://registry.npmjs.org/accepts 304ms (cache revalidated)
112 silly packumentCache full:https://registry.npmjs.org/accepts set size:77054 disposed:false
113 silly fetch manifest body-parser@^2.2.1
114 silly packumentCache full:https://registry.npmjs.org/body-parser cache-miss
115 http fetch GET 200 https://registry.npmjs.org/type-is 292ms (cache revalidated)
116 silly packumentCache full:https://registry.npmjs.org/type-is set size:88614 disposed:false
117 silly fetch manifest escape-html@^1.0.3
118 silly packumentCache full:https://registry.npmjs.org/escape-html cache-miss
119 http fetch GET 200 https://registry.npmjs.org/statuses 270ms (cache revalidated)
120 silly packumentCache full:https://registry.npmjs.org/statuses set size:37117 disposed:false
121 silly fetch manifest http-errors@^2.0.0
122 silly packumentCache full:https://registry.npmjs.org/http-errors cache-miss
123 http fetch GET 200 https://registry.npmjs.org/encodeurl 265ms (cache revalidated)
124 silly packumentCache full:https://registry.npmjs.org/encodeurl set size:12296 disposed:false
125 silly fetch manifest on-finished@^2.4.1
126 silly packumentCache full:https://registry.npmjs.org/on-finished cache-miss
127 http fetch GET 200 https://registry.npmjs.org/mime-types 240ms (cache revalidated)
128 silly packumentCache full:https://registry.npmjs.org/mime-types set size:139110 disposed:false
129 silly fetch manifest content-type@^1.0.5
130 silly packumentCache full:https://registry.npmjs.org/content-type cache-miss
131 http fetch GET 200 https://registry.npmjs.org/proxy-from-env 1497ms (cache miss)
132 silly packumentCache full:https://registry.npmjs.org/proxy-from-env set size:undefined disposed:false
133 silly fetch manifest finalhandler@^2.1.0
134 silly packumentCache full:https://registry.npmjs.org/finalhandler cache-miss
135 http fetch GET 200 https://registry.npmjs.org/escape-html 251ms (cache revalidated)
136 silly packumentCache full:https://registry.npmjs.org/escape-html set size:7345 disposed:false
137 silly fetch manifest range-parser@^1.2.1
138 silly packumentCache full:https://registry.npmjs.org/range-parser cache-miss
139 http fetch GET 200 https://registry.npmjs.org/body-parser 270ms (cache revalidated)
140 silly packumentCache full:https://registry.npmjs.org/body-parser set size:204559 disposed:false
141 silly fetch manifest serve-static@^2.2.0
142 silly packumentCache full:https://registry.npmjs.org/serve-static cache-miss
143 http fetch GET 200 https://registry.npmjs.org/proxy-addr 299ms (cache revalidated)
144 silly packumentCache full:https://registry.npmjs.org/proxy-addr set size:61619 disposed:false
145 silly fetch manifest cookie-signature@^1.2.1
146 silly packumentCache full:https://registry.npmjs.org/cookie-signature cache-miss
147 http fetch GET 200 https://registry.npmjs.org/http-errors 277ms (cache revalidated)
148 silly packumentCache full:https://registry.npmjs.org/http-errors set size:71987 disposed:false
149 silly fetch manifest merge-descriptors@^2.0.0
150 silly packumentCache full:https://registry.npmjs.org/merge-descriptors cache-miss
151 http fetch GET 200 https://registry.npmjs.org/on-finished 260ms (cache revalidated)
152 silly packumentCache full:https://registry.npmjs.org/on-finished set size:23212 disposed:false
153 silly fetch manifest content-disposition@^1.0.0
154 silly packumentCache full:https://registry.npmjs.org/content-disposition cache-miss
155 http fetch GET 200 https://registry.npmjs.org/content-type 266ms (cache revalidated)
156 silly packumentCache full:https://registry.npmjs.org/content-type set size:21479 disposed:false
157 http fetch GET 200 https://registry.npmjs.org/range-parser 264ms (cache revalidated)
158 silly packumentCache full:https://registry.npmjs.org/range-parser set size:24852 disposed:false
159 http fetch GET 200 https://registry.npmjs.org/finalhandler 444ms (cache revalidated)
160 silly packumentCache full:https://registry.npmjs.org/finalhandler set size:79291 disposed:false
161 http fetch GET 200 https://registry.npmjs.org/cookie-signature 248ms (cache revalidated)
162 silly packumentCache full:https://registry.npmjs.org/cookie-signature set size:21777 disposed:false
163 http fetch GET 200 https://registry.npmjs.org/serve-static 263ms (cache revalidated)
164 silly packumentCache full:https://registry.npmjs.org/serve-static set size:150391 disposed:false
165 http fetch GET 200 https://registry.npmjs.org/merge-descriptors 260ms (cache revalidated)
166 silly packumentCache full:https://registry.npmjs.org/merge-descriptors set size:16527 disposed:false
167 http fetch GET 200 https://registry.npmjs.org/content-disposition 262ms (cache revalidated)
168 silly packumentCache full:https://registry.npmjs.org/content-disposition set size:45446 disposed:false
169 silly placeDep ROOT follow-redirects@1.16.0 OK for: axios@1.19.0 want: ^1.16.0
170 silly placeDep ROOT form-data@4.0.6 OK for: axios@1.19.0 want: ^4.0.6
171 silly placeDep ROOT https-proxy-agent@5.0.1 OK for: axios@1.19.0 want: ^5.0.1
172 silly placeDep ROOT proxy-from-env@2.1.0 OK for: axios@1.19.0 want: ^2.1.0
173 silly fetch manifest hasown@^2.0.4
174 silly packumentCache full:https://registry.npmjs.org/hasown cache-miss
175 silly fetch manifest asynckit@^0.4.0
176 silly packumentCache full:https://registry.npmjs.org/asynckit cache-miss
177 silly fetch manifest mime-types@^2.1.35
178 silly packumentCache full:https://registry.npmjs.org/mime-types cache-hit
179 silly fetch manifest combined-stream@^1.0.8
180 silly packumentCache full:https://registry.npmjs.org/combined-stream cache-miss
181 silly fetch manifest es-set-tostringtag@^2.1.0
182 silly packumentCache full:https://registry.npmjs.org/es-set-tostringtag cache-miss
183 silly fetch manifest debug@4
184 silly packumentCache full:https://registry.npmjs.org/debug cache-hit
185 silly fetch manifest agent-base@6
186 silly packumentCache full:https://registry.npmjs.org/agent-base cache-miss
187 http fetch GET 200 https://registry.npmjs.org/hasown 244ms (cache revalidated)
188 silly packumentCache full:https://registry.npmjs.org/hasown set size:18361 disposed:false
189 http fetch GET 200 https://registry.npmjs.org/combined-stream 251ms (cache miss)
190 silly packumentCache full:https://registry.npmjs.org/combined-stream set size:undefined disposed:false
191 http fetch GET 200 https://registry.npmjs.org/asynckit 445ms (cache miss)
192 silly packumentCache full:https://registry.npmjs.org/asynckit set size:undefined disposed:false
193 http fetch GET 200 https://registry.npmjs.org/agent-base 445ms (cache miss)
194 silly packumentCache full:https://registry.npmjs.org/agent-base set size:undefined disposed:false
195 http fetch GET 200 https://registry.npmjs.org/es-set-tostringtag 768ms (cache miss)
196 silly packumentCache full:https://registry.npmjs.org/es-set-tostringtag set size:undefined disposed:false
197 silly placeDep ROOT object-assign@4.1.1 OK for: cors@2.8.6 want: ^4
198 silly placeDep ROOT vary@1.1.2 OK for: cors@2.8.6 want: ^1
199 silly placeDep ROOT accepts@2.0.0 OK for: express@5.2.1 want: ^2.0.0
200 silly placeDep ROOT body-parser@2.3.0 OK for: express@5.2.1 want: ^2.2.1
201 silly placeDep ROOT content-disposition@1.1.0 OK for: express@5.2.1 want: ^1.0.0
202 silly placeDep ROOT content-type@1.0.5 OK for: express@5.2.1 want: ^1.0.5
203 silly placeDep ROOT cookie@0.7.2 OK for: express@5.2.1 want: ^0.7.1
204 silly placeDep ROOT cookie-signature@1.2.2 OK for: express@5.2.1 want: ^1.2.1
205 silly placeDep ROOT debug@4.4.3 OK for: express@5.2.1 want: ^4.4.0
206 silly placeDep ROOT depd@2.0.0 OK for: express@5.2.1 want: ^2.0.0
207 silly placeDep ROOT encodeurl@2.0.0 OK for: express@5.2.1 want: ^2.0.0
208 silly placeDep ROOT escape-html@1.0.3 OK for: express@5.2.1 want: ^1.0.3
209 silly placeDep ROOT etag@1.8.1 OK for: express@5.2.1 want: ^1.8.1
210 silly placeDep ROOT finalhandler@2.1.1 OK for: express@5.2.1 want: ^2.1.0
211 silly placeDep ROOT fresh@2.0.0 OK for: express@5.2.1 want: ^2.0.0
212 silly placeDep ROOT http-errors@2.0.1 OK for: express@5.2.1 want: ^2.0.0
213 silly placeDep ROOT merge-descriptors@2.0.0 OK for: express@5.2.1 want: ^2.0.0
214 silly placeDep ROOT mime-types@3.0.2 OK for: express@5.2.1 want: ^3.0.0
215 silly placeDep ROOT on-finished@2.4.1 OK for: express@5.2.1 want: ^2.4.1
216 silly placeDep ROOT once@1.4.0 OK for: express@5.2.1 want: ^1.4.0
217 silly placeDep ROOT parseurl@1.3.3 OK for: express@5.2.1 want: ^1.3.3
218 silly placeDep ROOT proxy-addr@2.0.7 OK for: express@5.2.1 want: ^2.0.7
219 silly placeDep ROOT qs@6.15.3 OK for: express@5.2.1 want: ^6.14.0
220 silly placeDep ROOT range-parser@1.3.0 OK for: express@5.2.1 want: ^1.2.1
221 silly placeDep ROOT router@2.2.0 OK for: express@5.2.1 want: ^2.2.0
222 silly placeDep ROOT send@1.2.1 OK for: express@5.2.1 want: ^1.1.0
223 silly placeDep ROOT serve-static@2.2.1 OK for: express@5.2.1 want: ^2.2.0
224 silly placeDep ROOT statuses@2.0.2 OK for: express@5.2.1 want: ^2.0.1
225 silly placeDep ROOT type-is@2.1.0 OK for: express@5.2.1 want: ^2.0.1
226 silly fetch manifest negotiator@^1.0.0
227 silly packumentCache full:https://registry.npmjs.org/negotiator cache-miss
228 silly fetch manifest qs@^6.15.2
229 silly packumentCache full:https://registry.npmjs.org/qs cache-hit
230 silly fetch manifest bytes@^3.1.2
231 silly packumentCache full:https://registry.npmjs.org/bytes cache-miss
232 silly fetch manifest debug@^4.4.3
233 silly packumentCache full:https://registry.npmjs.org/debug cache-hit
234 silly fetch manifest type-is@^2.1.0
235 silly packumentCache full:https://registry.npmjs.org/type-is cache-hit
236 silly fetch manifest raw-body@^3.0.2
237 silly packumentCache full:https://registry.npmjs.org/raw-body cache-miss
238 silly fetch manifest iconv-lite@^0.7.2
239 silly packumentCache full:https://registry.npmjs.org/iconv-lite cache-miss
240 silly fetch manifest http-errors@^2.0.1
241 silly packumentCache full:https://registry.npmjs.org/http-errors cache-hit
242 silly fetch manifest content-type@^2.0.0
243 silly packumentCache full:https://registry.npmjs.org/content-type cache-hit
244 silly fetch manifest ms@^2.1.3
245 silly packumentCache full:https://registry.npmjs.org/ms cache-miss
246 silly fetch manifest inherits@~2.0.4
247 silly packumentCache full:https://registry.npmjs.org/inherits cache-miss
248 silly fetch manifest setprototypeof@~1.2.0
249 silly packumentCache full:https://registry.npmjs.org/setprototypeof cache-miss
250 http fetch GET 200 https://registry.npmjs.org/bytes 260ms (cache revalidated)
251 silly packumentCache full:https://registry.npmjs.org/bytes set size:37018 disposed:false
252 silly fetch manifest statuses@~2.0.2
253 silly packumentCache full:https://registry.npmjs.org/statuses cache-hit
254 silly fetch manifest toidentifier@~1.0.1
255 silly packumentCache full:https://registry.npmjs.org/toidentifier cache-miss
256 http fetch GET 200 https://registry.npmjs.org/raw-body 268ms (cache revalidated)
257 silly packumentCache full:https://registry.npmjs.org/raw-body set size:120042 disposed:false
258 silly fetch manifest mime-db@^1.54.0
259 silly packumentCache full:https://registry.npmjs.org/mime-db cache-miss
260 http fetch GET 200 https://registry.npmjs.org/ms 269ms (cache revalidated)
261 silly packumentCache full:https://registry.npmjs.org/ms set size:92208 disposed:false
262 silly fetch manifest ee-first@1.1.1
263 silly packumentCache full:https://registry.npmjs.org/ee-first cache-miss
264 http fetch GET 200 https://registry.npmjs.org/iconv-lite 295ms (cache revalidated)
265 silly packumentCache full:https://registry.npmjs.org/iconv-lite set size:126462 disposed:false
266 silly fetch manifest wrappy@1
267 silly packumentCache full:https://registry.npmjs.org/wrappy cache-miss
268 http fetch GET 200 https://registry.npmjs.org/setprototypeof 296ms (cache revalidated)
269 silly packumentCache full:https://registry.npmjs.org/setprototypeof set size:14532 disposed:false
270 silly fetch manifest forwarded@0.2.0
271 silly packumentCache full:https://registry.npmjs.org/forwarded cache-miss
272 http fetch GET 200 https://registry.npmjs.org/negotiator 332ms (cache revalidated)
273 silly packumentCache full:https://registry.npmjs.org/negotiator set size:48046 disposed:false
274 silly fetch manifest ipaddr.js@1.9.1
275 silly packumentCache full:https://registry.npmjs.org/ipaddr.js cache-miss
276 http fetch GET 200 https://registry.npmjs.org/inherits 441ms (cache revalidated)
277 silly packumentCache full:https://registry.npmjs.org/inherits set size:12925 disposed:false
278 silly fetch manifest side-channel@^1.1.1
279 silly packumentCache full:https://registry.npmjs.org/side-channel cache-miss
280 http fetch GET 200 https://registry.npmjs.org/wrappy 252ms (cache revalidated)
281 silly packumentCache full:https://registry.npmjs.org/wrappy set size:7682 disposed:false
282 silly fetch manifest es-define-property@^1.0.1
283 silly packumentCache full:https://registry.npmjs.org/es-define-property cache-miss
284 http fetch GET 200 https://registry.npmjs.org/ee-first 273ms (cache revalidated)
285 silly packumentCache full:https://registry.npmjs.org/ee-first set size:15327 disposed:false
286 silly fetch manifest is-promise@^4.0.0
287 silly packumentCache full:https://registry.npmjs.org/is-promise cache-miss
288 http fetch GET 200 https://registry.npmjs.org/toidentifier 312ms (cache revalidated)
289 silly packumentCache full:https://registry.npmjs.org/toidentifier set size:12006 disposed:false
290 silly fetch manifest path-to-regexp@^8.0.0
291 silly packumentCache full:https://registry.npmjs.org/path-to-regexp cache-miss
292 http fetch GET 200 https://registry.npmjs.org/forwarded 263ms (cache revalidated)
293 silly packumentCache full:https://registry.npmjs.org/forwarded set size:11229 disposed:false
294 silly fetch manifest statuses@^2.0.2
295 silly packumentCache full:https://registry.npmjs.org/statuses cache-hit
296 silly fetch manifest media-typer@^1.1.0
297 silly packumentCache full:https://registry.npmjs.org/media-typer cache-miss
298 http fetch GET 200 https://registry.npmjs.org/ipaddr.js 261ms (cache revalidated)
299 silly packumentCache full:https://registry.npmjs.org/ipaddr.js set size:84329 disposed:false
300 http fetch GET 200 https://registry.npmjs.org/mime-db 475ms (cache revalidated)
301 silly packumentCache full:https://registry.npmjs.org/mime-db set size:164953 disposed:false
302 http fetch GET 200 https://registry.npmjs.org/path-to-regexp 230ms (cache revalidated)
303 silly packumentCache full:https://registry.npmjs.org/path-to-regexp set size:216334 disposed:false
304 http fetch GET 200 https://registry.npmjs.org/es-define-property 260ms (cache revalidated)
305 silly packumentCache full:https://registry.npmjs.org/es-define-property set size:8542 disposed:false
306 http fetch GET 200 https://registry.npmjs.org/is-promise 257ms (cache revalidated)
307 silly packumentCache full:https://registry.npmjs.org/is-promise set size:18599 disposed:false
308 http fetch GET 200 https://registry.npmjs.org/media-typer 248ms (cache revalidated)
309 silly packumentCache full:https://registry.npmjs.org/media-typer set size:22074 disposed:false
310 http fetch GET 200 https://registry.npmjs.org/side-channel 401ms (cache revalidated)
311 silly packumentCache full:https://registry.npmjs.org/side-channel set size:27650 disposed:false
312 silly placeDep ROOT negotiator@1.0.0 OK for: accepts@2.0.0 want: ^1.0.0
313 silly placeDep ROOT bytes@3.1.2 OK for: body-parser@2.3.0 want: ^3.1.2
314 silly placeDep node_modules/body-parser content-type@2.1.0 OK for: body-parser@2.3.0 want: ^2.0.0
315 silly placeDep ROOT iconv-lite@0.7.3 OK for: body-parser@2.3.0 want: ^0.7.2
316 silly placeDep ROOT raw-body@3.0.2 OK for: body-parser@2.3.0 want: ^3.0.2
317 silly fetch manifest safer-buffer@>= 2.1.2 < 3.0.0
318 silly packumentCache full:https://registry.npmjs.org/safer-buffer cache-miss
319 silly fetch manifest unpipe@~1.0.0
320 silly packumentCache full:https://registry.npmjs.org/unpipe cache-miss
321 http fetch GET 200 https://registry.npmjs.org/unpipe 230ms (cache revalidated)
322 silly packumentCache full:https://registry.npmjs.org/unpipe set size:3609 disposed:false
323 http fetch GET 200 https://registry.npmjs.org/safer-buffer 270ms (cache revalidated)
324 silly packumentCache full:https://registry.npmjs.org/safer-buffer set size:18521 disposed:false
325 silly placeDep ROOT ms@2.1.3 OK for: debug@4.4.3 want: ^2.1.3
326 silly placeDep ROOT asynckit@0.4.0 OK for: form-data@4.0.6 want: ^0.4.0
327 silly placeDep ROOT combined-stream@1.0.8 OK for: form-data@4.0.6 want: ^1.0.8
328 silly placeDep ROOT es-set-tostringtag@2.1.0 OK for: form-data@4.0.6 want: ^2.1.0
329 silly placeDep ROOT hasown@2.0.4 OK for: form-data@4.0.6 want: ^2.0.4
330 silly placeDep node_modules/form-data mime-types@2.1.35 OK for: form-data@4.0.6 want: ^2.1.35
331 silly fetch manifest delayed-stream@~1.0.0
332 silly packumentCache full:https://registry.npmjs.org/delayed-stream cache-miss
333 silly fetch manifest es-errors@^1.3.0
334 silly packumentCache full:https://registry.npmjs.org/es-errors cache-miss
335 silly fetch manifest get-intrinsic@^1.2.6
336 silly packumentCache full:https://registry.npmjs.org/get-intrinsic cache-miss
337 silly fetch manifest has-tostringtag@^1.0.2
338 silly packumentCache full:https://registry.npmjs.org/has-tostringtag cache-miss
339 silly fetch manifest hasown@^2.0.2
340 silly packumentCache full:https://registry.npmjs.org/hasown cache-hit
341 silly fetch manifest function-bind@^1.1.2
342 silly packumentCache full:https://registry.npmjs.org/function-bind cache-miss
343 silly fetch manifest mime-db@1.52.0
344 silly packumentCache full:https://registry.npmjs.org/mime-db cache-hit
345 http fetch GET 200 https://registry.npmjs.org/has-tostringtag 230ms (cache miss)
346 silly packumentCache full:https://registry.npmjs.org/has-tostringtag set size:undefined disposed:false
347 http fetch GET 200 https://registry.npmjs.org/delayed-stream 240ms (cache miss)
348 silly packumentCache full:https://registry.npmjs.org/delayed-stream set size:undefined disposed:false
349 http fetch GET 200 https://registry.npmjs.org/es-errors 324ms (cache revalidated)
350 silly packumentCache full:https://registry.npmjs.org/es-errors set size:16918 disposed:false
351 http fetch GET 200 https://registry.npmjs.org/get-intrinsic 328ms (cache revalidated)
352 silly packumentCache full:https://registry.npmjs.org/get-intrinsic set size:60985 disposed:false
353 http fetch GET 200 https://registry.npmjs.org/function-bind 775ms (cache revalidated)
354 silly packumentCache full:https://registry.npmjs.org/function-bind set size:15733 disposed:false
355 silly placeDep ROOT delayed-stream@1.0.0 OK for: combined-stream@1.0.8 want: ~1.0.0
356 silly placeDep ROOT es-errors@1.3.0 OK for: es-set-tostringtag@2.1.0 want: ^1.3.0
357 silly placeDep ROOT get-intrinsic@1.3.0 OK for: es-set-tostringtag@2.1.0 want: ^1.2.6
358 silly placeDep ROOT has-tostringtag@1.0.2 OK for: es-set-tostringtag@2.1.0 want: ^1.0.2
359 silly fetch manifest gopd@^1.2.0
360 silly packumentCache full:https://registry.npmjs.org/gopd cache-miss
361 silly fetch manifest get-proto@^1.0.1
362 silly packumentCache full:https://registry.npmjs.org/get-proto cache-miss
363 silly fetch manifest has-symbols@^1.1.0
364 silly packumentCache full:https://registry.npmjs.org/has-symbols cache-miss
365 silly fetch manifest es-object-atoms@^1.1.1
366 silly packumentCache full:https://registry.npmjs.org/es-object-atoms cache-miss
367 silly fetch manifest math-intrinsics@^1.1.0
368 silly packumentCache full:https://registry.npmjs.org/math-intrinsics cache-miss
369 silly fetch manifest call-bind-apply-helpers@^1.0.2
370 silly packumentCache full:https://registry.npmjs.org/call-bind-apply-helpers cache-miss
371 silly fetch manifest has-symbols@^1.0.3
372 silly packumentCache full:https://registry.npmjs.org/has-symbols cache-miss
373 http fetch GET 200 https://registry.npmjs.org/has-symbols 235ms (cache revalidated)
374 silly packumentCache full:https://registry.npmjs.org/has-symbols set size:21550 disposed:false
375 http fetch GET 200 https://registry.npmjs.org/has-symbols 249ms (cache revalidated)
376 silly packumentCache full:https://registry.npmjs.org/has-symbols set size:21550 disposed:false
377 silly packumentCache full:https://registry.npmjs.org/has-symbols dispose
378 http fetch GET 200 https://registry.npmjs.org/gopd 256ms (cache revalidated)
379 silly packumentCache full:https://registry.npmjs.org/gopd set size:11483 disposed:false
380 http fetch GET 200 https://registry.npmjs.org/get-proto 257ms (cache revalidated)
381 silly packumentCache full:https://registry.npmjs.org/get-proto set size:8300 disposed:false
382 http fetch GET 200 https://registry.npmjs.org/es-object-atoms 278ms (cache revalidated)
383 silly packumentCache full:https://registry.npmjs.org/es-object-atoms set size:18278 disposed:false
384 http fetch GET 200 https://registry.npmjs.org/math-intrinsics 281ms (cache revalidated)
385 silly packumentCache full:https://registry.npmjs.org/math-intrinsics set size:9265 disposed:false
386 http fetch GET 200 https://registry.npmjs.org/call-bind-apply-helpers 438ms (cache revalidated)
387 silly packumentCache full:https://registry.npmjs.org/call-bind-apply-helpers set size:12744 disposed:false
388 silly placeDep ROOT call-bind-apply-helpers@1.0.2 OK for: get-intrinsic@1.3.0 want: ^1.0.2
389 silly placeDep ROOT es-define-property@1.0.1 OK for: get-intrinsic@1.3.0 want: ^1.0.1
390 silly placeDep ROOT es-object-atoms@1.1.2 OK for: get-intrinsic@1.3.0 want: ^1.1.1
391 silly placeDep ROOT function-bind@1.1.2 OK for: get-intrinsic@1.3.0 want: ^1.1.2
392 silly placeDep ROOT get-proto@1.0.1 OK for: get-intrinsic@1.3.0 want: ^1.0.1
393 silly placeDep ROOT gopd@1.2.0 OK for: get-intrinsic@1.3.0 want: ^1.2.0
394 silly placeDep ROOT has-symbols@1.1.0 OK for: get-intrinsic@1.3.0 want: ^1.1.0
395 silly placeDep ROOT math-intrinsics@1.1.0 OK for: get-intrinsic@1.3.0 want: ^1.1.0
396 silly fetch manifest dunder-proto@^1.0.1
397 silly packumentCache full:https://registry.npmjs.org/dunder-proto cache-miss
398 http fetch GET 200 https://registry.npmjs.org/dunder-proto 222ms (cache revalidated)
399 silly packumentCache full:https://registry.npmjs.org/dunder-proto set size:8256 disposed:false
400 silly placeDep ROOT dunder-proto@1.0.1 OK for: get-proto@1.0.1 want: ^1.0.1
401 silly placeDep ROOT inherits@2.0.4 OK for: http-errors@2.0.1 want: ~2.0.4
402 silly placeDep ROOT setprototypeof@1.2.0 OK for: http-errors@2.0.1 want: ~1.2.0
403 silly placeDep ROOT toidentifier@1.0.1 OK for: http-errors@2.0.1 want: ~1.0.1
404 silly placeDep ROOT agent-base@6.0.2 OK for: https-proxy-agent@5.0.1 want: 6
405 silly placeDep ROOT safer-buffer@2.1.2 OK for: iconv-lite@0.7.3 want: >= 2.1.2 < 3.0.0
406 silly placeDep ROOT mime-db@1.54.0 OK for: mime-types@3.0.2 want: ^1.54.0
407 silly placeDep ROOT ee-first@1.1.1 OK for: on-finished@2.4.1 want: 1.1.1
408 silly placeDep ROOT wrappy@1.0.2 OK for: once@1.4.0 want: 1
409 silly placeDep ROOT forwarded@0.2.0 OK for: proxy-addr@2.0.7 want: 0.2.0
410 silly placeDep ROOT ipaddr.js@1.9.1 OK for: proxy-addr@2.0.7 want: 1.9.1
411 silly placeDep ROOT side-channel@1.1.1 OK for: qs@6.15.3 want: ^1.1.1
412 silly fetch manifest object-inspect@^1.13.4
413 silly packumentCache full:https://registry.npmjs.org/object-inspect cache-miss
414 silly fetch manifest side-channel-list@^1.0.1
415 silly packumentCache full:https://registry.npmjs.org/side-channel-list cache-miss
416 silly fetch manifest side-channel-map@^1.0.1
417 silly packumentCache full:https://registry.npmjs.org/side-channel-map cache-miss
418 silly fetch manifest side-channel-weakmap@^1.0.2
419 silly packumentCache full:https://registry.npmjs.org/side-channel-weakmap cache-miss
420 http fetch GET 200 https://registry.npmjs.org/side-channel-list 234ms (cache revalidated)
421 silly packumentCache full:https://registry.npmjs.org/side-channel-list set size:9021 disposed:false
422 http fetch GET 200 https://registry.npmjs.org/object-inspect 242ms (cache revalidated)
423 silly packumentCache full:https://registry.npmjs.org/object-inspect set size:101927 disposed:false
424 http fetch GET 200 https://registry.npmjs.org/side-channel-map 247ms (cache revalidated)
425 silly packumentCache full:https://registry.npmjs.org/side-channel-map set size:9126 disposed:false
426 http fetch GET 200 https://registry.npmjs.org/side-channel-weakmap 251ms (cache revalidated)
427 silly packumentCache full:https://registry.npmjs.org/side-channel-weakmap set size:12620 disposed:false
428 silly placeDep ROOT unpipe@1.0.0 OK for: raw-body@3.0.2 want: ~1.0.0
429 silly placeDep ROOT is-promise@4.0.0 OK for: router@2.2.0 want: ^4.0.0
430 silly placeDep ROOT path-to-regexp@8.4.2 OK for: router@2.2.0 want: ^8.0.0
431 silly placeDep ROOT object-inspect@1.13.4 OK for: side-channel@1.1.1 want: ^1.13.4
432 silly placeDep ROOT side-channel-list@1.0.1 OK for: side-channel@1.1.1 want: ^1.0.1
433 silly placeDep ROOT side-channel-map@1.0.1 OK for: side-channel@1.1.1 want: ^1.0.1
434 silly placeDep ROOT side-channel-weakmap@1.0.2 OK for: side-channel@1.1.1 want: ^1.0.2
435 silly fetch manifest call-bound@^1.0.2
436 silly packumentCache full:https://registry.npmjs.org/call-bound cache-miss
437 silly fetch manifest call-bound@^1.0.2
438 silly packumentCache full:https://registry.npmjs.org/call-bound cache-miss
439 http fetch GET 200 https://registry.npmjs.org/call-bound 221ms (cache revalidated)
440 silly packumentCache full:https://registry.npmjs.org/call-bound set size:15317 disposed:false
441 http fetch GET 200 https://registry.npmjs.org/call-bound 769ms (cache revalidated)
442 silly packumentCache full:https://registry.npmjs.org/call-bound set size:15317 disposed:false
443 silly packumentCache full:https://registry.npmjs.org/call-bound dispose
444 silly placeDep ROOT call-bound@1.0.4 OK for: side-channel-map@1.0.1 want: ^1.0.2
445 silly placeDep node_modules/type-is content-type@2.1.0 OK for: type-is@2.1.0 want: ^2.0.0
446 silly placeDep ROOT media-typer@1.1.1 OK for: type-is@2.1.0 want: ^1.1.0
447 silly placeDep node_modules/form-data mime-db@1.52.0 OK for: mime-types@2.1.35 want: 1.52.0
448 silly reify moves {}
449 silly audit bulk request {
449 silly audit   axios: [ '1.19.0' ],
449 silly audit   cors: [ '2.8.6' ],
449 silly audit   dotenv: [ '17.4.2' ],
449 silly audit   express: [ '5.2.1' ],
449 silly audit   'follow-redirects': [ '1.16.0' ],
449 silly audit   'form-data': [ '4.0.6' ],
449 silly audit   'https-proxy-agent': [ '5.0.1' ],
449 silly audit   'proxy-from-env': [ '2.1.0' ],
449 silly audit   'object-assign': [ '4.1.1' ],
449 silly audit   vary: [ '1.1.2' ],
449 silly audit   accepts: [ '2.0.0' ],
449 silly audit   'body-parser': [ '2.3.0' ],
449 silly audit   'content-disposition': [ '1.1.0' ],
449 silly audit   'content-type': [ '1.0.5', '2.1.0' ],
449 silly audit   cookie: [ '0.7.2' ],
449 silly audit   'cookie-signature': [ '1.2.2' ],
449 silly audit   debug: [ '4.4.3' ],
449 silly audit   depd: [ '2.0.0' ],
449 silly audit   encodeurl: [ '2.0.0' ],
449 silly audit   'escape-html': [ '1.0.3' ],
449 silly audit   etag: [ '1.8.1' ],
449 silly audit   finalhandler: [ '2.1.1' ],
449 silly audit   fresh: [ '2.0.0' ],
449 silly audit   'http-errors': [ '2.0.1' ],
449 silly audit   'merge-descriptors': [ '2.0.0' ],
449 silly audit   'mime-types': [ '3.0.2', '2.1.35' ],
449 silly audit   'on-finished': [ '2.4.1' ],
449 silly audit   once: [ '1.4.0' ],
449 silly audit   parseurl: [ '1.3.3' ],
449 silly audit   'proxy-addr': [ '2.0.7' ],
449 silly audit   qs: [ '6.15.3' ],
449 silly audit   'range-parser': [ '1.3.0' ],
449 silly audit   router: [ '2.2.0' ],
449 silly audit   send: [ '1.2.1' ],
449 silly audit   'serve-static': [ '2.2.1' ],
449 silly audit   statuses: [ '2.0.2' ],
449 silly audit   'type-is': [ '2.1.0' ],
449 silly audit   negotiator: [ '1.0.0' ],
449 silly audit   bytes: [ '3.1.2' ],
449 silly audit   'iconv-lite': [ '0.7.3' ],
449 silly audit   'raw-body': [ '3.0.2' ],
449 silly audit   ms: [ '2.1.3' ],
449 silly audit   asynckit: [ '0.4.0' ],
449 silly audit   'combined-stream': [ '1.0.8' ],
449 silly audit   'es-set-tostringtag': [ '2.1.0' ],
449 silly audit   hasown: [ '2.0.4' ],
449 silly audit   'delayed-stream': [ '1.0.0' ],
449 silly audit   'es-errors': [ '1.3.0' ],
449 silly audit   'get-intrinsic': [ '1.3.0' ],
449 silly audit   'has-tostringtag': [ '1.0.2' ],
449 silly audit   'call-bind-apply-helpers': [ '1.0.2' ],
449 silly audit   'es-define-property': [ '1.0.1' ],
449 silly audit   'es-object-atoms': [ '1.1.2' ],
449 silly audit   'function-bind': [ '1.1.2' ],
449 silly audit   'get-proto': [ '1.0.1' ],
449 silly audit   gopd: [ '1.2.0' ],
449 silly audit   'has-symbols': [ '1.1.0' ],
449 silly audit   'math-intrinsics': [ '1.1.0' ],
449 silly audit   'dunder-proto': [ '1.0.1' ],
449 silly audit   inherits: [ '2.0.4' ],
449 silly audit   setprototypeof: [ '1.2.0' ],
449 silly audit   toidentifier: [ '1.0.1' ],
449 silly audit   'agent-base': [ '6.0.2' ],
449 silly audit   'safer-buffer': [ '2.1.2' ],
449 silly audit   'mime-db': [ '1.54.0', '1.52.0' ],
449 silly audit   'ee-first': [ '1.1.1' ],
449 silly audit   wrappy: [ '1.0.2' ],
449 silly audit   forwarded: [ '0.2.0' ],
449 silly audit   'ipaddr.js': [ '1.9.1' ],
449 silly audit   'side-channel': [ '1.1.1' ],
449 silly audit   unpipe: [ '1.0.0' ],
449 silly audit   'is-promise': [ '4.0.0' ],
449 silly audit   'path-to-regexp': [ '8.4.2' ],
449 silly audit   'object-inspect': [ '1.13.4' ],
449 silly audit   'side-channel-list': [ '1.0.1' ],
449 silly audit   'side-channel-map': [ '1.0.1' ],
449 silly audit   'side-channel-weakmap': [ '1.0.2' ],
449 silly audit   'call-bound': [ '1.0.4' ],
449 silly audit   'media-typer': [ '1.1.1' ]
449 silly audit }
450 http cache media-typer@https://registry.npmjs.org/media-typer/-/media-typer-1.1.1.tgz 1ms (cache hit)
451 http cache call-bound@https://registry.npmjs.org/call-bound/-/call-bound-1.0.4.tgz 0ms (cache hit)
452 http cache side-channel-list@https://registry.npmjs.org/side-channel-list/-/side-channel-list-1.0.1.tgz 0ms (cache hit)
453 http cache side-channel-weakmap@https://registry.npmjs.org/side-channel-weakmap/-/side-channel-weakmap-1.0.2.tgz 0ms (cache hit)
454 http cache side-channel-map@https://registry.npmjs.org/side-channel-map/-/side-channel-map-1.0.1.tgz 0ms (cache hit)
455 http cache object-inspect@https://registry.npmjs.org/object-inspect/-/object-inspect-1.13.4.tgz 0ms (cache hit)
456 http cache path-to-regexp@https://registry.npmjs.org/path-to-regexp/-/path-to-regexp-8.4.2.tgz 0ms (cache hit)
457 http cache is-promise@https://registry.npmjs.org/is-promise/-/is-promise-4.0.0.tgz 0ms (cache hit)
458 http cache unpipe@https://registry.npmjs.org/unpipe/-/unpipe-1.0.0.tgz 0ms (cache hit)
459 http cache side-channel@https://registry.npmjs.org/side-channel/-/side-channel-1.1.1.tgz 0ms (cache hit)
460 http cache ipaddr.js@https://registry.npmjs.org/ipaddr.js/-/ipaddr.js-1.9.1.tgz 0ms (cache hit)
461 http cache forwarded@https://registry.npmjs.org/forwarded/-/forwarded-0.2.0.tgz 0ms (cache hit)
462 http cache wrappy@https://registry.npmjs.org/wrappy/-/wrappy-1.0.2.tgz 0ms (cache hit)
463 http cache ee-first@https://registry.npmjs.org/ee-first/-/ee-first-1.1.1.tgz 0ms (cache hit)
464 http cache mime-db@https://registry.npmjs.org/mime-db/-/mime-db-1.54.0.tgz 0ms (cache hit)
465 http cache safer-buffer@https://registry.npmjs.org/safer-buffer/-/safer-buffer-2.1.2.tgz 0ms (cache hit)
466 http cache agent-base@https://registry.npmjs.org/agent-base/-/agent-base-6.0.2.tgz 0ms (cache hit)
467 http cache toidentifier@https://registry.npmjs.org/toidentifier/-/toidentifier-1.0.1.tgz 0ms (cache hit)
468 http cache inherits@https://registry.npmjs.org/inherits/-/inherits-2.0.4.tgz 0ms (cache hit)
469 http cache setprototypeof@https://registry.npmjs.org/setprototypeof/-/setprototypeof-1.2.0.tgz 0ms (cache hit)
470 http cache dunder-proto@https://registry.npmjs.org/dunder-proto/-/dunder-proto-1.0.1.tgz 0ms (cache hit)
471 http cache math-intrinsics@https://registry.npmjs.org/math-intrinsics/-/math-intrinsics-1.1.0.tgz 0ms (cache hit)
472 http cache has-symbols@https://registry.npmjs.org/has-symbols/-/has-symbols-1.1.0.tgz 0ms (cache hit)
473 http cache gopd@https://registry.npmjs.org/gopd/-/gopd-1.2.0.tgz 0ms (cache hit)
474 http cache get-proto@https://registry.npmjs.org/get-proto/-/get-proto-1.0.1.tgz 0ms (cache hit)
475 http cache function-bind@https://registry.npmjs.org/function-bind/-/function-bind-1.1.2.tgz 0ms (cache hit)
476 http cache es-define-property@https://registry.npmjs.org/es-define-property/-/es-define-property-1.0.1.tgz 0ms (cache hit)
477 http cache es-object-atoms@https://registry.npmjs.org/es-object-atoms/-/es-object-atoms-1.1.2.tgz 0ms (cache hit)
478 http cache has-tostringtag@https://registry.npmjs.org/has-tostringtag/-/has-tostringtag-1.0.2.tgz 0ms (cache hit)
479 http cache es-errors@https://registry.npmjs.org/es-errors/-/es-errors-1.3.0.tgz 0ms (cache hit)
480 http cache get-intrinsic@https://registry.npmjs.org/get-intrinsic/-/get-intrinsic-1.3.0.tgz 0ms (cache hit)
481 http cache delayed-stream@https://registry.npmjs.org/delayed-stream/-/delayed-stream-1.0.0.tgz 0ms (cache hit)
482 http cache es-set-tostringtag@https://registry.npmjs.org/es-set-tostringtag/-/es-set-tostringtag-2.1.0.tgz 0ms (cache hit)
483 http cache combined-stream@https://registry.npmjs.org/combined-stream/-/combined-stream-1.0.8.tgz 1ms (cache hit)
484 http cache hasown@https://registry.npmjs.org/hasown/-/hasown-2.0.4.tgz 0ms (cache hit)
485 http cache asynckit@https://registry.npmjs.org/asynckit/-/asynckit-0.4.0.tgz 0ms (cache hit)
486 http cache ms@https://registry.npmjs.org/ms/-/ms-2.1.3.tgz 0ms (cache hit)
487 http cache raw-body@https://registry.npmjs.org/raw-body/-/raw-body-3.0.2.tgz 0ms (cache hit)
488 http cache bytes@https://registry.npmjs.org/bytes/-/bytes-3.1.2.tgz 0ms (cache hit)
489 http cache negotiator@https://registry.npmjs.org/negotiator/-/negotiator-1.0.0.tgz 0ms (cache hit)
490 http cache type-is@https://registry.npmjs.org/type-is/-/type-is-2.1.0.tgz 0ms (cache hit)
491 http cache iconv-lite@https://registry.npmjs.org/iconv-lite/-/iconv-lite-0.7.3.tgz 0ms (cache hit)
492 http cache statuses@https://registry.npmjs.org/statuses/-/statuses-2.0.2.tgz 0ms (cache hit)
493 http cache serve-static@https://registry.npmjs.org/serve-static/-/serve-static-2.2.1.tgz 0ms (cache hit)
494 http cache router@https://registry.npmjs.org/router/-/router-2.2.0.tgz 0ms (cache hit)
495 http cache send@https://registry.npmjs.org/send/-/send-1.2.1.tgz 0ms (cache hit)
496 http cache range-parser@https://registry.npmjs.org/range-parser/-/range-parser-1.3.0.tgz 0ms (cache hit)
497 http cache qs@https://registry.npmjs.org/qs/-/qs-6.15.3.tgz 0ms (cache hit)
498 http cache proxy-addr@https://registry.npmjs.org/proxy-addr/-/proxy-addr-2.0.7.tgz 0ms (cache hit)
499 http cache parseurl@https://registry.npmjs.org/parseurl/-/parseurl-1.3.3.tgz 0ms (cache hit)
500 http cache once@https://registry.npmjs.org/once/-/once-1.4.0.tgz 0ms (cache hit)
501 http cache on-finished@https://registry.npmjs.org/on-finished/-/on-finished-2.4.1.tgz 0ms (cache hit)
502 http cache mime-types@https://registry.npmjs.org/mime-types/-/mime-types-3.0.2.tgz 0ms (cache hit)
503 http cache merge-descriptors@https://registry.npmjs.org/merge-descriptors/-/merge-descriptors-2.0.0.tgz 0ms (cache hit)
504 http cache http-errors@https://registry.npmjs.org/http-errors/-/http-errors-2.0.1.tgz 0ms (cache hit)
505 http cache fresh@https://registry.npmjs.org/fresh/-/fresh-2.0.0.tgz 0ms (cache hit)
506 http cache finalhandler@https://registry.npmjs.org/finalhandler/-/finalhandler-2.1.1.tgz 0ms (cache hit)
507 http cache etag@https://registry.npmjs.org/etag/-/etag-1.8.1.tgz 0ms (cache hit)
508 http cache escape-html@https://registry.npmjs.org/escape-html/-/escape-html-1.0.3.tgz 0ms (cache hit)
509 http cache encodeurl@https://registry.npmjs.org/encodeurl/-/encodeurl-2.0.0.tgz 0ms (cache hit)
510 http cache depd@https://registry.npmjs.org/depd/-/depd-2.0.0.tgz 0ms (cache hit)
511 http cache debug@https://registry.npmjs.org/debug/-/debug-4.4.3.tgz 0ms (cache hit)
512 http cache cookie-signature@https://registry.npmjs.org/cookie-signature/-/cookie-signature-1.2.2.tgz 0ms (cache hit)
513 http cache cookie@https://registry.npmjs.org/cookie/-/cookie-0.7.2.tgz 0ms (cache hit)
514 http cache content-type@https://registry.npmjs.org/content-type/-/content-type-1.0.5.tgz 0ms (cache hit)
515 http cache content-disposition@https://registry.npmjs.org/content-disposition/-/content-disposition-1.1.0.tgz 0ms (cache hit)
516 http cache body-parser@https://registry.npmjs.org/body-parser/-/body-parser-2.3.0.tgz 1ms (cache hit)
517 http cache accepts@https://registry.npmjs.org/accepts/-/accepts-2.0.0.tgz 0ms (cache hit)
518 http cache vary@https://registry.npmjs.org/vary/-/vary-1.1.2.tgz 0ms (cache hit)
519 http cache object-assign@https://registry.npmjs.org/object-assign/-/object-assign-4.1.1.tgz 0ms (cache hit)
520 http cache proxy-from-env@https://registry.npmjs.org/proxy-from-env/-/proxy-from-env-2.1.0.tgz 0ms (cache hit)
521 http cache https-proxy-agent@https://registry.npmjs.org/https-proxy-agent/-/https-proxy-agent-5.0.1.tgz 0ms (cache hit)
522 http cache form-data@https://registry.npmjs.org/form-data/-/form-data-4.0.6.tgz 0ms (cache hit)
523 http cache follow-redirects@https://registry.npmjs.org/follow-redirects/-/follow-redirects-1.16.0.tgz 0ms (cache hit)
524 http cache express@https://registry.npmjs.org/express/-/express-5.2.1.tgz 0ms (cache hit)
525 http cache dotenv@https://registry.npmjs.org/dotenv/-/dotenv-17.4.2.tgz 0ms (cache hit)
526 http cache cors@https://registry.npmjs.org/cors/-/cors-2.8.6.tgz 0ms (cache hit)
527 http cache axios@https://registry.npmjs.org/axios/-/axios-1.19.0.tgz 0ms (cache hit)
528 http cache content-type@https://registry.npmjs.org/content-type/-/content-type-2.1.0.tgz 0ms (cache hit)
529 http cache content-type@https://registry.npmjs.org/content-type/-/content-type-2.1.0.tgz 0ms (cache hit)
530 http cache mime-db@https://registry.npmjs.org/mime-db/-/mime-db-1.52.0.tgz 0ms (cache hit)
531 http cache mime-types@https://registry.npmjs.org/mime-types/-/mime-types-2.1.35.tgz 0ms (cache hit)
532 http cache call-bind-apply-helpers@https://registry.npmjs.org/call-bind-apply-helpers/-/call-bind-apply-helpers-1.0.2.tgz 0ms (cache hit)
533 silly tarball no local data for agent-base@https://registry.npmjs.org/agent-base/-/agent-base-6.0.2.tgz. Extracting by manifest.
534 silly tarball no local data for has-tostringtag@https://registry.npmjs.org/has-tostringtag/-/has-tostringtag-1.0.2.tgz. Extracting by manifest.
535 silly tarball no local data for delayed-stream@https://registry.npmjs.org/delayed-stream/-/delayed-stream-1.0.0.tgz. Extracting by manifest.
536 silly tarball no local data for combined-stream@https://registry.npmjs.org/combined-stream/-/combined-stream-1.0.8.tgz. Extracting by manifest.
537 silly tarball no local data for asynckit@https://registry.npmjs.org/asynckit/-/asynckit-0.4.0.tgz. Extracting by manifest.
538 silly tarball no local data for es-set-tostringtag@https://registry.npmjs.org/es-set-tostringtag/-/es-set-tostringtag-2.1.0.tgz. Extracting by manifest.
539 silly tarball no local data for proxy-from-env@https://registry.npmjs.org/proxy-from-env/-/proxy-from-env-2.1.0.tgz. Extracting by manifest.
540 silly tarball no local data for https-proxy-agent@https://registry.npmjs.org/https-proxy-agent/-/https-proxy-agent-5.0.1.tgz. Extracting by manifest.
541 silly tarball no local data for form-data@https://registry.npmjs.org/form-data/-/form-data-4.0.6.tgz. Extracting by manifest.
542 silly tarball no local data for follow-redirects@https://registry.npmjs.org/follow-redirects/-/follow-redirects-1.16.0.tgz. Extracting by manifest.
543 silly tarball no local data for dotenv@https://registry.npmjs.org/dotenv/-/dotenv-17.4.2.tgz. Extracting by manifest.
544 silly tarball no local data for axios@https://registry.npmjs.org/axios/-/axios-1.19.0.tgz. Extracting by manifest.
545 silly tarball no local data for mime-db@https://registry.npmjs.org/mime-db/-/mime-db-1.52.0.tgz. Extracting by manifest.
546 silly tarball no local data for mime-types@https://registry.npmjs.org/mime-types/-/mime-types-2.1.35.tgz. Extracting by manifest.
547 http fetch POST 200 https://registry.npmjs.org/-/npm/v1/security/advisories/bulk 711ms
548 silly audit report {}
549 http fetch GET 200 https://registry.npmjs.org/delayed-stream/-/delayed-stream-1.0.0.tgz 851ms (cache miss)
550 http fetch GET 200 https://registry.npmjs.org/combined-stream/-/combined-stream-1.0.8.tgz 857ms (cache miss)
551 http fetch GET 200 https://registry.npmjs.org/es-set-tostringtag/-/es-set-tostringtag-2.1.0.tgz 861ms (cache miss)
552 http fetch GET 200 https://registry.npmjs.org/has-tostringtag/-/has-tostringtag-1.0.2.tgz 908ms (cache miss)
553 http fetch GET 200 https://registry.npmjs.org/agent-base/-/agent-base-6.0.2.tgz 918ms (cache miss)
554 http fetch GET 200 https://registry.npmjs.org/asynckit/-/asynckit-0.4.0.tgz 918ms (cache miss)
555 http fetch GET 200 https://registry.npmjs.org/proxy-from-env/-/proxy-from-env-2.1.0.tgz 1040ms (cache miss)
556 http fetch GET 200 https://registry.npmjs.org/follow-redirects/-/follow-redirects-1.16.0.tgz 1058ms (cache miss)
557 http fetch GET 200 https://registry.npmjs.org/mime-types/-/mime-types-2.1.35.tgz 1056ms (cache miss)
558 http fetch GET 200 https://registry.npmjs.org/mime-db/-/mime-db-1.52.0.tgz 1073ms (cache miss)
559 http fetch GET 200 https://registry.npmjs.org/form-data/-/form-data-4.0.6.tgz 1087ms (cache miss)
560 http fetch GET 200 https://registry.npmjs.org/https-proxy-agent/-/https-proxy-agent-5.0.1.tgz 1093ms (cache miss)
561 http fetch GET 200 https://registry.npmjs.org/dotenv/-/dotenv-17.4.2.tgz 1495ms (cache miss)
562 http fetch GET 200 https://registry.npmjs.org/axios/-/axios-1.19.0.tgz 1597ms (cache miss)
563 silly ADD node_modules/media-typer
564 silly ADD node_modules/call-bound
565 silly ADD node_modules/side-channel-weakmap
566 silly ADD node_modules/side-channel-map
567 silly ADD node_modules/side-channel-list
568 silly ADD node_modules/object-inspect
569 silly ADD node_modules/path-to-regexp
570 silly ADD node_modules/is-promise
571 silly ADD node_modules/unpipe
572 silly ADD node_modules/side-channel
573 silly ADD node_modules/ipaddr.js
574 silly ADD node_modules/forwarded
575 silly ADD node_modules/wrappy
576 silly ADD node_modules/ee-first
577 silly ADD node_modules/mime-db
578 silly ADD node_modules/safer-buffer
579 silly ADD node_modules/agent-base
580 silly ADD node_modules/toidentifier
581 silly ADD node_modules/setprototypeof
582 silly ADD node_modules/inherits
583 silly ADD node_modules/dunder-proto
584 silly ADD node_modules/math-intrinsics
585 silly ADD node_modules/has-symbols
586 silly ADD node_modules/gopd
587 silly ADD node_modules/get-proto
588 silly ADD node_modules/function-bind
589 silly ADD node_modules/es-object-atoms
590 silly ADD node_modules/es-define-property
591 silly ADD node_modules/call-bind-apply-helpers
592 silly ADD node_modules/has-tostringtag
593 silly ADD node_modules/get-intrinsic
594 silly ADD node_modules/es-errors
595 silly ADD node_modules/delayed-stream
596 silly ADD node_modules/hasown
597 silly ADD node_modules/es-set-tostringtag
598 silly ADD node_modules/combined-stream
599 silly ADD node_modules/asynckit
600 silly ADD node_modules/ms
601 silly ADD node_modules/raw-body
602 silly ADD node_modules/iconv-lite
603 silly ADD node_modules/bytes
604 silly ADD node_modules/negotiator
605 silly ADD node_modules/type-is
606 silly ADD node_modules/type-is/node_modules/content-type
607 silly ADD node_modules/statuses
608 silly ADD node_modules/serve-static
609 silly ADD node_modules/send
610 silly ADD node_modules/router
611 silly ADD node_modules/range-parser
612 silly ADD node_modules/qs
613 silly ADD node_modules/proxy-addr
614 silly ADD node_modules/parseurl
615 silly ADD node_modules/once
616 silly ADD node_modules/on-finished
617 silly ADD node_modules/mime-types
618 silly ADD node_modules/merge-descriptors
619 silly ADD node_modules/http-errors
620 silly ADD node_modules/fresh
621 silly ADD node_modules/finalhandler
622 silly ADD node_modules/etag
623 silly ADD node_modules/escape-html
624 silly ADD node_modules/encodeurl
625 silly ADD node_modules/depd
626 silly ADD node_modules/debug
627 silly ADD node_modules/cookie-signature
628 silly ADD node_modules/cookie
629 silly ADD node_modules/content-type
630 silly ADD node_modules/content-disposition
631 silly ADD node_modules/body-parser
632 silly ADD node_modules/body-parser/node_modules/content-type
633 silly ADD node_modules/accepts
634 silly ADD node_modules/vary
635 silly ADD node_modules/object-assign
636 silly ADD node_modules/proxy-from-env
637 silly ADD node_modules/https-proxy-agent
638 silly ADD node_modules/form-data
639 silly ADD node_modules/form-data/node_modules/mime-db
640 silly ADD node_modules/form-data/node_modules/mime-types
641 silly ADD node_modules/follow-redirects
642 silly ADD node_modules/express
643 silly ADD node_modules/dotenv
644 silly ADD node_modules/cors
645 silly ADD node_modules/axios
646 verbose cwd /data/data/com.termux/files/home/osj-backend
647 verbose os Linux 5.15.189-android13-8-00013-gaa2747a3794a-ab14413887
648 verbose node v26.3.1
649 verbose npm  v11.17.0
650 verbose exit 0
651 info ok
